C:\HolwegWeber\Holweg\RS15_RX_30005_r00\Logical\Global.typ
C:\HolwegWeber\Holweg\RS15_RX_30005_r00\Logical\Global.var
C:\HolwegWeber\Holweg\RS15_RX_30005_r00\Logical\Cycles\GenCycles.var
C:\HolwegWeber\Holweg\RS15_RX_30005_r00\Logical\Cycles\GenCycles.typ
C:\HolwegWeber\Holweg\RS15_RX_30005_r00\Logical\Libraries\Convert\Convert.fun
C:\HolwegWeber\Holweg\RS15_RX_30005_r00\Logical\Libraries\Runtime\runtime.var
C:\HolwegWeber\Holweg\RS15_RX_30005_r00\Logical\Libraries\Runtime\runtime.typ
C:\HolwegWeber\Holweg\RS15_RX_30005_r00\Logical\Libraries\Runtime\runtime.fun
C:\HolwegWeber\Holweg\RS15_RX_30005_r00\Logical\Libraries\Operator\operator.fun
C:\HolwegWeber\Holweg\RS15_RX_30005_r00\Logical\Libraries\Brsystem\brsystem.var
C:\HolwegWeber\Holweg\RS15_RX_30005_r00\Logical\Libraries\Brsystem\brsystem.fun
C:\HolwegWeber\Holweg\RS15_RX_30005_r00\Logical\Libraries\AsMath\AsMath.var
C:\HolwegWeber\Holweg\RS15_RX_30005_r00\Logical\Libraries\AsMath\AsMath.fun
C:\HolwegWeber\Holweg\RS15_RX_30005_r00\Logical\Libraries\asstring\asstring.fun
C:\HolwegWeber\Holweg\RS15_RX_30005_r00\Logical\Libraries\astime\astime.var
C:\HolwegWeber\Holweg\RS15_RX_30005_r00\Logical\Libraries\astime\astime.typ
C:\HolwegWeber\Holweg\RS15_RX_30005_r00\Logical\Libraries\astime\astime.fun
C:\HolwegWeber\Holweg\RS15_RX_30005_r00\Logical\Libraries\FileIO\FileIO.var
C:\HolwegWeber\Holweg\RS15_RX_30005_r00\Logical\Libraries\FileIO\FileIO.typ
C:\HolwegWeber\Holweg\RS15_RX_30005_r00\Logical\Libraries\FileIO\FileIO.fun
C:\HolwegWeber\Holweg\RS15_RX_30005_r00\Logical\Libraries\powerlnk\powerlnk.var
C:\HolwegWeber\Holweg\RS15_RX_30005_r00\Logical\Libraries\powerlnk\powerlnk.typ
C:\HolwegWeber\Holweg\RS15_RX_30005_r00\Logical\Libraries\powerlnk\powerlnk.fun
C:\HolwegWeber\Holweg\RS15_RX_30005_r00\Logical\Libraries\HGWeber\HGWeber.typ
C:\HolwegWeber\Holweg\RS15_RX_30005_r00\Logical\Libraries\HGWeber\HGWeber.var
C:\HolwegWeber\Holweg\RS15_RX_30005_r00\Logical\Libraries\HGWeber\HGWeber.fun
C:\HolwegWeber\Holweg\RS15_RX_30005_r00\Logical\Libraries\AsMem\AsMem.var
C:\HolwegWeber\Holweg\RS15_RX_30005_r00\Logical\Libraries\AsMem\AsMem.fun
C:\HolwegWeber\Holweg\RS15_RX_30005_r00\Logical\Libraries\CSV_File\CSV_File.typ
C:\HolwegWeber\Holweg\RS15_RX_30005_r00\Logical\Libraries\CSV_File\CSV_File.var
C:\HolwegWeber\Holweg\RS15_RX_30005_r00\Logical\Libraries\CSV_File\CSV_File.fun
C:\HolwegWeber\Holweg\RS15_RX_30005_r00\Logical\Libraries\AsIOAcc\AsIOAcc.var
C:\HolwegWeber\Holweg\RS15_RX_30005_r00\Logical\Libraries\AsIOAcc\AsIOAcc.typ
C:\HolwegWeber\Holweg\RS15_RX_30005_r00\Logical\Libraries\AsIOAcc\AsIOAcc.fun
C:\HolwegWeber\Holweg\RS15_RX_30005_r00\Logical\Libraries\Visapi\Visapi.typ
C:\HolwegWeber\Holweg\RS15_RX_30005_r00\Logical\Libraries\Visapi\Visapi.fun
C:\HolwegWeber\Holweg\RS15_RX_30005_r00\Logical\Libraries\AsARCfg\AsARCfg.var
C:\HolwegWeber\Holweg\RS15_RX_30005_r00\Logical\Libraries\AsARCfg\AsARCfg.typ
C:\HolwegWeber\Holweg\RS15_RX_30005_r00\Logical\Libraries\AsARCfg\AsARCfg.fun
C:\HolwegWeber\Holweg\RS15_RX_30005_r00\Logical\Libraries\standard\standard.fun
C:\HolwegWeber\Holweg\RS15_RX_30005_r00\Logical\Libraries\sys_lib\sys_lib.var
C:\HolwegWeber\Holweg\RS15_RX_30005_r00\Logical\Libraries\sys_lib\sys_lib.typ
C:\HolwegWeber\Holweg\RS15_RX_30005_r00\Logical\Libraries\sys_lib\sys_lib.fun
C:\HolwegWeber\Holweg\RS15_RX_30005_r00\Logical\Libraries\LoopConR\LoopConR.var
C:\HolwegWeber\Holweg\RS15_RX_30005_r00\Logical\Libraries\LoopConR\LoopConR.typ
C:\HolwegWeber\Holweg\RS15_RX_30005_r00\Logical\Libraries\LoopConR\LoopConR.fun
C:\HolwegWeber\Holweg\RS15_RX_30005_r00\Logical\Libraries\Acp10man\Acp10man.typ
C:\HolwegWeber\Holweg\RS15_RX_30005_r00\Logical\Libraries\Acp10par\Acp10par.var
C:\HolwegWeber\Holweg\RS15_RX_30005_r00\Logical\Libraries\NcGlobal\NcGlobal.fun
C:\HolwegWeber\Holweg\RS15_RX_30005_r00\Logical\Libraries\NcGlobal\NcGlobal.typ
C:\HolwegWeber\Holweg\RS15_RX_30005_r00\Logical\Libraries\NcGlobal\NcGlobal.var
C:\HolwegWeber\Holweg\RS15_RX_30005_r00\Logical\Libraries\Acp10_MC\acp10_mc.fun
C:\HolwegWeber\Holweg\RS15_RX_30005_r00\Logical\Libraries\Acp10_MC\acp10_mc.typ
C:\HolwegWeber\Holweg\RS15_RX_30005_r00\Logical\Libraries\Acp10_MC\acp10_mc.var
C:\HolwegWeber\Holweg\RS15_RX_30005_r00\Logical\Libraries\Acp10sdc\acp10sdc.var
C:\HolwegWeber\Holweg\RS15_RX_30005_r00\Logical\Libraries\Acp10sdc\acp10sdc.typ
C:\HolwegWeber\Holweg\RS15_RX_30005_r00\Logical\BagMachine_Section\BagBundler\BagBundler.var
