\Logical\Global.typ
\Logical\Global.var
\Logical\Cycles\GenCycles.var
\Logical\Cycles\GenCycles.typ
\Logical\Libraries\Convert\Convert.fun
\Logical\Libraries\Runtime\runtime.var
\Logical\Libraries\Runtime\runtime.typ
\Logical\Libraries\Runtime\runtime.fun
\Logical\Libraries\Operator\operator.fun
\Logical\Libraries\Brsystem\brsystem.var
\Logical\Libraries\Brsystem\brsystem.fun
\Logical\Libraries\AsMath\AsMath.var
\Logical\Libraries\AsMath\AsMath.fun
\Logical\Libraries\asstring\asstring.fun
\Logical\Libraries\astime\astime.var
\Logical\Libraries\astime\astime.typ
\Logical\Libraries\astime\astime.fun
\Logical\Libraries\FileIO\FileIO.var
\Logical\Libraries\FileIO\FileIO.typ
\Logical\Libraries\FileIO\FileIO.fun
\Logical\Libraries\powerlnk\powerlnk.var
\Logical\Libraries\powerlnk\powerlnk.typ
\Logical\Libraries\powerlnk\powerlnk.fun
\Logical\Libraries\HGWeber\HGWeber.typ
\Logical\Libraries\HGWeber\HGWeber.var
\Logical\Libraries\HGWeber\HGWeber.fun
\Logical\Libraries\AsMem\AsMem.var
\Logical\Libraries\AsMem\AsMem.fun
\Logical\Libraries\CSV_File\CSV_File.typ
\Logical\Libraries\CSV_File\CSV_File.var
\Logical\Libraries\CSV_File\CSV_File.fun
\Logical\Libraries\AsIOAcc\AsIOAcc.var
\Logical\Libraries\AsIOAcc\AsIOAcc.typ
\Logical\Libraries\AsIOAcc\AsIOAcc.fun
\Logical\Libraries\Visapi\Visapi.typ
\Logical\Libraries\Visapi\Visapi.fun
\Logical\Libraries\AsARCfg\AsARCfg.var
\Logical\Libraries\AsARCfg\AsARCfg.typ
\Logical\Libraries\AsARCfg\AsARCfg.fun
\Logical\Libraries\standard\standard.fun
\Logical\Libraries\sys_lib\sys_lib.var
\Logical\Libraries\sys_lib\sys_lib.typ
\Logical\Libraries\sys_lib\sys_lib.fun
\Logical\Libraries\Acp10sdc\acp10sdc.var
\Logical\Libraries\Acp10sdc\acp10sdc.typ
\Logical\Libraries\NcGlobal\Ncglobal.fun
\Logical\Libraries\NcGlobal\Ncglobal.typ
\Logical\Libraries\NcGlobal\Ncglobal.var
\Logical\Libraries\Acp10man\Acp10man.typ
\Logical\Libraries\Acp10par\Acp10par.var
\Logical\Libraries\Acp10_MC\acp10_mc.var
\Logical\Libraries\Acp10_MC\acp10_mc.typ
\Logical\Libraries\Acp10_MC\acp10_mc.fun
\Logical\Libraries\LoopConR\LoopConR.var
\Logical\Libraries\LoopConR\LoopConR.typ
\Logical\Libraries\LoopConR\LoopConR.fun
\Logical\HMI\Splash\Splash.typ
\Logical\HMI\Splash\Splash.var
\Logical\HMI\HMI_Control\HMI_Control.typ
\Logical\HMI\HMI_Control\HMI_Control.var
\Logical\HMI\Units\Units.typ
\Logical\HMI\Units\Units.var
\Logical\HMI\Language\Language.typ
\Logical\HMI\Language\Language.var
\Logical\HMI\Password\Password.typ
\Logical\HMI\Password\Password.var
\Logical\HMI\Cmd_Trace\Cmd_Trace.typ
\Logical\HMI\Cmd_Trace\Cmd_Trace.var
\Logical\HMI\Recipe_1\Recipe_1.typ
\Logical\HMI\Recipe_1\Recipe_1.var
\Logical\HMI\Recipe_2\Recipe_2.typ
\Logical\HMI\Recipe_2\Recipe_2.var
\Logical\HMI\Message_1\Message_1.typ
\Logical\HMI\Message_1\Message_1.var
\Logical\HMI\Message_2\Message_2.typ
\Logical\HMI\Message_2\Message_2.var
\Logical\HMI\BackUp\BackUp.typ
\Logical\HMI\BackUp\BackUp.var
\Logical\HMI\CPURestart\CPURestart.var
\Logical\BagMachine_Section\MasterAxis\A9_Init\A9_Basic\A9_Basic.typ
\Logical\BagMachine_Section\MasterAxis\A9_Init\A9_Basic\A9_Basic.var
\Logical\BagMachine_Section\MasterAxis\A9_Init\A9_Control\A9_Control.typ
\Logical\BagMachine_Section\MasterAxis\A9_Init\A9_Control\A9_Control.var
\Logical\BagMachine_Section\MasterAxis\A9_Init\SetSpeedMode\SetSpeedMode.var
\Logical\BagMachine_Section\Servo_Power_Supply\Axis0\A0_Basic\A0_Basic.typ
\Logical\BagMachine_Section\Servo_Power_Supply\Axis0\A0_Basic\A0_Basic.var
\Logical\BagMachine_Section\Perf\Perf_Gen\Perf_Gen.var
\Logical\BagMachine_Section\Perf\Perf_Gen\Perf_Gen.typ
\Logical\BagMachine_Section\Perf\Axis1\A1_Basic\A1_Basic.typ
\Logical\BagMachine_Section\Perf\Axis1\A1_Basic\A1_Basic.var
\Logical\BagMachine_Section\Perf\Axis1\A1_Control\A1_Control.typ
\Logical\BagMachine_Section\Perf\Axis1\A1_Control\A1_Control.var
\Logical\BagMachine_Section\Perf\Axis1\A1_Automat\A1_Automat.typ
\Logical\BagMachine_Section\Perf\Axis1\A1_Automat\A1_Automat.var
\Logical\BagMachine_Section\Perf\Axis1\A1_Automat2\A1_Automat2.typ
\Logical\BagMachine_Section\Perf\Axis1\A1_Automat2\A1_Automat2.var
\Logical\BagMachine_Section\Perf\Axis1\A1_Ref\A1_Ref.typ
\Logical\BagMachine_Section\Perf\Axis1\A1_Ref\A1_Ref.var
\Logical\BagMachine_Section\Perf\Axis1\A1_Cycle\A1_Cycle.typ
\Logical\BagMachine_Section\Perf\Axis1\A1_Cycle\A1_Cycle.var
\Logical\BagMachine_Section\Perf\Axis1\A1_CamProfCalc\A1_CamProfCalc.var
\Logical\BagMachine_Section\Perf\Axis11_VirtualAxis\A11_Basic\A11_Basic.typ
\Logical\BagMachine_Section\Perf\Axis11_VirtualAxis\A11_Basic\A11_Basic.var
\Logical\BagMachine_Section\Perf\Axis11_VirtualAxis\A11_Control\A11_Control.typ
\Logical\BagMachine_Section\Perf\Axis11_VirtualAxis\A11_Control\A11_Control.var
\Logical\BagMachine_Section\Perf\Axis11_VirtualAxis\A11_Automat\A11_Automat.typ
\Logical\BagMachine_Section\Perf\Axis11_VirtualAxis\A11_Automat\A11_Automat.var
\Logical\BagMachine_Section\FP\FP_Gen\FP_Gen.typ
\Logical\BagMachine_Section\FP\FP_Gen\FP_Gen.var
\Logical\BagMachine_Section\FP\FP_Dryer\Dryer.var
\Logical\BagMachine_Section\FP\FP_Heater\FP_Heater.typ
\Logical\BagMachine_Section\FP\FP_Heater\FP_Heater.var
\Logical\BagMachine_Section\FP\Axis2\A2_Basic\A2_Basic.typ
\Logical\BagMachine_Section\FP\Axis2\A2_Basic\A2_Basic.var
\Logical\BagMachine_Section\FP\Axis2\A2_Control\A2_Control.typ
\Logical\BagMachine_Section\FP\Axis2\A2_Control\A2_Control.var
\Logical\BagMachine_Section\FP\Axis2\A2_Automat\A2_Automat.typ
\Logical\BagMachine_Section\FP\Axis2\A2_Automat\A2_Automat.var
\Logical\BagMachine_Section\FP\Axis2\A2_Ref\A2_Ref.typ
\Logical\BagMachine_Section\FP\Axis2\A2_Ref\A2_Ref.var
\Logical\BagMachine_Section\FP\Axis2\A2_Cycle\A2_Cycle.typ
\Logical\BagMachine_Section\FP\Axis2\A2_Cycle\A2_Cycle.var
\Logical\BagMachine_Section\Holding\Axis3\A3_Basic\A3_Basic.typ
\Logical\BagMachine_Section\Holding\Axis3\A3_Basic\A3_Basic.var
\Logical\BagMachine_Section\Holding\Axis3\A3_Control\A3_Control.typ
\Logical\BagMachine_Section\Holding\Axis3\A3_Control\A3_Control.var
\Logical\BagMachine_Section\Holding\Axis3\A3_Automat\A3_Automat.typ
\Logical\BagMachine_Section\Holding\Axis3\A3_Automat\A3_Automat.var
\Logical\BagMachine_Section\Holding\Axis3\A3_Ref\A3_Ref.typ
\Logical\BagMachine_Section\Holding\Axis3\A3_Ref\A3_Ref.var
\Logical\BagMachine_Section\Holding\Axis3\A3_Cycle\A3_Cycle.typ
\Logical\BagMachine_Section\Holding\Axis3\A3_Cycle\A3_Cycle.var
\Logical\BagMachine_Section\Tearing\Axis4\A4_Basic\A4_Basic.typ
\Logical\BagMachine_Section\Tearing\Axis4\A4_Basic\A4_Basic.var
\Logical\BagMachine_Section\Tearing\Axis4\A4_Control\A4_Control.typ
\Logical\BagMachine_Section\Tearing\Axis4\A4_Control\A4_Control.var
\Logical\BagMachine_Section\Tearing\Axis4\A4_Automat\A4_Automat.typ
\Logical\BagMachine_Section\Tearing\Axis4\A4_Automat\A4_Automat.var
\Logical\BagMachine_Section\Tearing\Axis4\A4_Ref\A4_Ref.typ
\Logical\BagMachine_Section\Tearing\Axis4\A4_Ref\A4_Ref.var
\Logical\BagMachine_Section\Tearing\Axis4\A4_Cycle\A4_Cycle.typ
\Logical\BagMachine_Section\Tearing\Axis4\A4_Cycle\A4_Cycle.var
\Logical\BagMachine_Section\EntryPull\EntryNip\EntryNip.typ
\Logical\BagMachine_Section\EntryPull\EntryNip\EntryNip.var
\Logical\BagMachine_Section\EntryPull\Axis5\A5_Basic\A5_Basic.typ
\Logical\BagMachine_Section\EntryPull\Axis5\A5_Basic\A5_Basic.var
\Logical\BagMachine_Section\EntryPull\Axis5\A5_Control\A5_Control.typ
\Logical\BagMachine_Section\EntryPull\Axis5\A5_Control\A5_Control.var
\Logical\BagMachine_Section\EntryPull\Axis5\A5_Automat\A5_Automat.typ
\Logical\BagMachine_Section\EntryPull\Axis5\A5_Automat\A5_Automat.var
\Logical\BagMachine_Section\EntryPull\Axis5\A5_Draw\A5_Draw.typ
\Logical\BagMachine_Section\EntryPull\Axis5\A5_Draw\A5_Draw.var
\Logical\BagMachine_Section\EntryPull\Registration\A5_Reg1\A5_Reg1.typ
\Logical\BagMachine_Section\EntryPull\Registration\A5_Reg1\A5_Reg1.var
\Logical\BagMachine_Section\EntryPull\Registration\A5_Reg2\A5_Reg2.typ
\Logical\BagMachine_Section\EntryPull\Registration\A5_Reg2\A5_Reg2.var
\Logical\BagMachine_Section\ExitPull\ExitNip\ExitNip.typ
\Logical\BagMachine_Section\ExitPull\ExitNip\ExitNip.var
\Logical\BagMachine_Section\ExitPull\Axis6\A6_Basic\A6_Basic.typ
\Logical\BagMachine_Section\ExitPull\Axis6\A6_Basic\A6_Basic.var
\Logical\BagMachine_Section\ExitPull\Axis6\A6_Control\A6_Control.typ
\Logical\BagMachine_Section\ExitPull\Axis6\A6_Control\A6_Control.var
\Logical\BagMachine_Section\ExitPull\Axis6\A6_Automat\A6_Automat.typ
\Logical\BagMachine_Section\ExitPull\Axis6\A6_Automat\A6_Automat.var
\Logical\BagMachine_Section\ExitPull\Axis6\A6_Draw\A6_Draw.typ
\Logical\BagMachine_Section\ExitPull\Axis6\A6_Draw\A6_Draw.var
\Logical\BagMachine_Section\Drum\Axis7\A7_Basic\A7_Basic.typ
\Logical\BagMachine_Section\Drum\Axis7\A7_Basic\A7_Basic.var
\Logical\BagMachine_Section\Drum\Axis7\A7_Control\A7_Control.typ
\Logical\BagMachine_Section\Drum\Axis7\A7_Control\A7_Control.var
\Logical\BagMachine_Section\Drum\Axis7\A7_Automat\A7_Automat.typ
\Logical\BagMachine_Section\Drum\Axis7\A7_Automat\A7_Automat.var
\Logical\BagMachine_Section\Drum\Axis7\A7_Ref\A7_Ref.typ
\Logical\BagMachine_Section\Drum\Axis7\A7_Ref\A7_Ref.var
\Logical\BagMachine_Section\Drum\Axis7\A7_Cycle\A7_Cycle.typ
\Logical\BagMachine_Section\Drum\Axis7\A7_Cycle\A7_Cycle.var
\Logical\BagMachine_Section\ColdMicroPerf\CMPerf_Gen\CMPerf_Gen.typ
\Logical\BagMachine_Section\ColdMicroPerf\CMPerf_Gen\CMPerf_Gen.var
\Logical\BagMachine_Section\ColdMicroPerf\Axis8\A8_Basic\A8_Basic.typ
\Logical\BagMachine_Section\ColdMicroPerf\Axis8\A8_Basic\A8_Basic.var
\Logical\BagMachine_Section\ColdMicroPerf\Axis8\A8_Control\A8_Control.typ
\Logical\BagMachine_Section\ColdMicroPerf\Axis8\A8_Control\A8_Control.var
\Logical\BagMachine_Section\ColdMicroPerf\Axis8\A8_Automat\A8_Automat.typ
\Logical\BagMachine_Section\ColdMicroPerf\Axis8\A8_Automat\A8_Automat.var
\Logical\BagMachine_Section\ColdMicroPerf\Axis8\A8_Draw\A8_Draw.typ
\Logical\BagMachine_Section\ColdMicroPerf\Axis8\A8_Draw\A8_Draw.var
\Logical\BagMachine_Section\EnvBag\EB_Gen\EB_Gen.var
\Logical\BagMachine_Section\EnvBag\Axis12\A12_Basic\A12_Basic.var
\Logical\BagMachine_Section\EnvBag\Axis12\A12_Control\A12_Control.var
\Logical\BagMachine_Section\EnvBag\Axis12\A12_Automat\A12_Automat.var
\Logical\BagMachine_Section\EnvBag\Axis12\A12_Ref\A12_Ref.var
\Logical\BagMachine_Section\EnvBag\Axis12\A12_Cycle\A12_Cycle.var
\Logical\BagMachine_Section\EnvBag\Axis12\A12_Ref_V1\A12_Ref.var
\Logical\BagMachine_Section\EnvBag\Axis13\A13_Basic\A13_Basic.var
\Logical\BagMachine_Section\EnvBag\Axis13\A13_Control\A13_Control.var
\Logical\BagMachine_Section\EnvBag\Axis13\A13_Automat\A13_Automat.var
\Logical\BagMachine_Section\EnvBag\Axis13\A13_Ref\A13_Ref.var
\Logical\BagMachine_Section\EnvBag\Axis13\A13_Cycle\A13_Cycle.var
\Logical\BagMachine_Section\HotMicroPerf\HMPerf_Gen\HMPerf_Gen.typ
\Logical\BagMachine_Section\HotMicroPerf\HMPerf_Gen\HMPerf_Gen.var
\Logical\BagMachine_Section\HotMicroPerf\Axis15\A15_Basic\A15_Basic.typ
\Logical\BagMachine_Section\HotMicroPerf\Axis15\A15_Basic\A15_Basic.var
\Logical\BagMachine_Section\HotMicroPerf\Axis15\A15_Control\A15_Control.typ
\Logical\BagMachine_Section\HotMicroPerf\Axis15\A15_Control\A15_Control.var
\Logical\BagMachine_Section\HotMicroPerf\Axis15\A15_Automat\A15_Automat.typ
\Logical\BagMachine_Section\HotMicroPerf\Axis15\A15_Automat\A15_Automat.var
\Logical\BagMachine_Section\HotMicroPerf\Axis15\A15_Ref\A15_Ref.typ
\Logical\BagMachine_Section\HotMicroPerf\Axis15\A15_Ref\A15_Ref.var
\Logical\BagMachine_Section\HotMicroPerf\Axis15\A15_Cycle\A15_Cycle.typ
\Logical\BagMachine_Section\HotMicroPerf\Axis15\A15_Cycle\A15_Cycle.var
\Logical\BagMachine_Section\HotMicroPerf\Axis15\A15_MotionCycle\A15_MotionCycle.var
\Logical\BagMachine_Section\BagBundler\BagBundler.var
\Logical\BagMachine_Section\BagBundler\Control\Control.var
\Logical\BagMachine_Section\BagBundler\Separator\Separator.var
\Logical\BagMachine_Section\BagBundler\Tilter\Tilter.var
\Logical\BagMachine_Section\BagBundler\Test_Simul\Test_Simul.var
\Logical\BagMachine_Section\Count\Count.typ
\Logical\BagMachine_Section\Count\Count.var
\Logical\BagMachine_Section\ColdGlue\ColdGlue.typ
\Logical\BagMachine_Section\ColdGlue\ColdGlue.var
\Logical\BagMachine_Section\HotGlue\HotGlue.typ
\Logical\BagMachine_Section\HotGlue\HotGlue.var
\Logical\BagMachine_Section\RS_Glue\RS_Glue.typ
\Logical\BagMachine_Section\RS_Glue\RS_Glue.var
\Logical\BagMachine_Section\RS_Glue_V0\RS_Glue.typ
\Logical\BagMachine_Section\RS_Glue_V0\RS_Glue.var
\Logical\BagMachine_Section\Unw_3W_Glue\Unw_3W_Glue.typ
\Logical\BagMachine_Section\Unw_3W_Glue\Unw_3W_Glue.var
\Logical\BagMachine_Section\GlueTray\GlueTray.typ
\Logical\BagMachine_Section\GlueTray\GlueTray.var
\Logical\BagMachine_Section\Vacuum\Vacuum.typ
\Logical\BagMachine_Section\Vacuum\Vacuum.var
\Logical\BagMachine_Section\Unwinder\Unwinder.var
\Logical\BagMachine_Section\ExitTable\ExitTable.typ
\Logical\BagMachine_Section\ExitTable\ExitTable.var
\Logical\BagMachine_Section\3Web_Unit\3Web_Unit.var
\Logical\BagMachine_Section\GlobProgCalc\GlobProgCalc.typ
\Logical\BagMachine_Section\GlobProgCalc\GlobProgCalc.var
\Logical\SupervisoryControl_Section\Setup\Setup.typ
\Logical\SupervisoryControl_Section\Setup\Setup.var
\Logical\SupervisoryControl_Section\ManMode\ManMode.typ
\Logical\SupervisoryControl_Section\ManMode\ManMode.var
\Logical\SupervisoryControl_Section\Speed\Speed.typ
\Logical\SupervisoryControl_Section\Speed\Speed.var
\Logical\SupervisoryControl_Section\Guard_Mon\Guard_Mon.typ
\Logical\SupervisoryControl_Section\Guard_Mon\Guard_Mon.var
\Logical\SupervisoryControl_Section\Stop_Mon\Stop_Mon.typ
\Logical\SupervisoryControl_Section\Stop_Mon\Stop_Mon.var
\Logical\SupervisoryControl_Section\Servo_Mon\Servo_Mon.typ
\Logical\SupervisoryControl_Section\Servo_Mon\Servo_Mon.var
\Logical\SupervisoryControl_Section\Alarm_Section\EStopReset\EStopReset.typ
\Logical\SupervisoryControl_Section\Alarm_Section\EStopReset\EStopReset.var
\Logical\SupervisoryControl_Section\Alarm_Section\Alarms1\Alarms1.typ
\Logical\SupervisoryControl_Section\Alarm_Section\Alarms1\Alarms1.var
\Logical\SupervisoryControl_Section\Alarm_Section\MainAlarms\MainAlarms.typ
\Logical\SupervisoryControl_Section\Alarm_Section\MainAlarms\MainAlarms.var
\Logical\SupervisoryControl_Section\Jog\Jog.typ
\Logical\SupervisoryControl_Section\Jog\Jog.var
\Logical\SupervisoryControl_Section\Run\Run.typ
\Logical\SupervisoryControl_Section\Run\Run.var
\Logical\SupervisoryControl_Section\PowerTimer\PowerTimer.typ
\Logical\SupervisoryControl_Section\PowerTimer\PowerTimer.var
\Logical\SupervisoryControl_Section\HourMeter\HourMeter.typ
\Logical\SupervisoryControl_Section\HourMeter\HourMeter.var
\Logical\SupervisoryControl_Section\Revision\Revision.typ
\Logical\SupervisoryControl_Section\Revision\Revision.var
\Logical\SupervisoryControl_Section\Warn_Horn\Warn_Horn.var
