/Logical/Information/InformationCyclic.st
/Logical/Global.typ
/Logical/Global.var
/Logical/Cycles/GenCycles.var
/Logical/Cycles/GenCycles.typ
/Logical/Libraries/Convert/Convert.fun
/Logical/Libraries/Runtime/runtime.var
/Logical/Libraries/Runtime/runtime.typ
/Logical/Libraries/Runtime/runtime.fun
/Logical/Libraries/Operator/operator.fun
/Logical/Libraries/Brsystem/brsystem.var
/Logical/Libraries/Brsystem/brsystem.fun
/Logical/Libraries/AsMath/AsMath.var
/Logical/Libraries/AsMath/AsMath.fun
/Logical/Libraries/asstring/asstring.fun
/Logical/Libraries/astime/astime.var
/Logical/Libraries/astime/astime.typ
/Logical/Libraries/astime/astime.fun
/Logical/Libraries/FileIO/FileIO.var
/Logical/Libraries/FileIO/FileIO.typ
/Logical/Libraries/FileIO/FileIO.fun
/Logical/Libraries/powerlnk/powerlnk.var
/Logical/Libraries/powerlnk/powerlnk.typ
/Logical/Libraries/powerlnk/powerlnk.fun
/Logical/Libraries/HGWeber/HGWeber.typ
/Logical/Libraries/HGWeber/HGWeber.var
/Logical/Libraries/HGWeber/HGWeber.fun
/Logical/Libraries/HGWeber/HGW_2StatePB.st
/Logical/Libraries/HGWeber/HGW_3StatePB.st
/Logical/Libraries/HGWeber/HGW_4StatePB.st
/Logical/Libraries/HGWeber/HGW_2StateIND.st
/Logical/Libraries/HGWeber/HGW_2StateIND1.st
/Logical/Libraries/HGWeber/HGW_3StateIND.st
/Logical/Libraries/HGWeber/HGW_4StateIND.st
/Logical/Libraries/HGWeber/HGW_Toggle.ld
/Logical/Libraries/HGWeber/HGW_2StepMove.ld
/Logical/Libraries/HGWeber/HGW_3StateIND1.st
/Logical/Libraries/HGWeber/HGW_ScaleReal.st
/Logical/Libraries/HGWeber/HGW_ChangeReal.st
/Logical/Libraries/HGWeber/HGW_RelativeChangeReal.st
/Logical/Libraries/HGWeber/HGW_Average.st
/Logical/Libraries/HGWeber/HGW_RegCorrectABS.st
/Logical/Libraries/HGWeber/HGW_KeyRepeat.st
/Logical/Libraries/HGWeber/H_FC_Modulus_V0.st
/Logical/Libraries/HGWeber/HGW_2StepMove1.ld
/Logical/Libraries/HGWeber/H_FB_2StepMove.st
/Logical/Libraries/HGWeber/H_FB_ToggleTB.st
/Logical/Libraries/HGWeber/H_FB_Flash.st
/Logical/Libraries/HGWeber/H_FB_WatchSensor.st
/Logical/Libraries/HGWeber/H_FB_RelativeChangeLimitReal.st
/Logical/Libraries/HGWeber/H_FB_RelativeChangeLimitReal1.st
/Logical/Libraries/HGWeber/H_FC_Modulus.st
/Logical/Libraries/AsMem/AsMem.var
/Logical/Libraries/AsMem/AsMem.fun
/Logical/Libraries/CSV_File/CSV_File.typ
/Logical/Libraries/CSV_File/CSV_File.var
/Logical/Libraries/CSV_File/CSV_File.fun
/Logical/Libraries/CSV_File/CSV_CheckFile.ab
/Logical/Libraries/CSV_File/CSV_InitCheckFile.ab
/Logical/Libraries/CSV_File/CSV_Search.ab
/Logical/Libraries/CSV_File/CSV_Init.ab
/Logical/Libraries/CSV_File/CSV_ListFile.ab
/Logical/Libraries/CSV_File/SearchFileName.ab
/Logical/Libraries/CSV_File/CSV_ReadFile.ab
/Logical/Libraries/CSV_File/ExListFile.ab
/Logical/Libraries/CSV_File/CSV_WriteFile.ab
/Logical/Libraries/AsIOAcc/AsIOAcc.var
/Logical/Libraries/AsIOAcc/AsIOAcc.typ
/Logical/Libraries/AsIOAcc/AsIOAcc.fun
/Logical/Libraries/Visapi/Visapi.typ
/Logical/Libraries/Visapi/Visapi.fun
/Logical/Libraries/AsARCfg/AsARCfg.var
/Logical/Libraries/AsARCfg/AsARCfg.typ
/Logical/Libraries/AsARCfg/AsARCfg.fun
/Logical/Libraries/standard/standard.fun
/Logical/Libraries/sys_lib/sys_lib.var
/Logical/Libraries/sys_lib/sys_lib.typ
/Logical/Libraries/sys_lib/sys_lib.fun
/Logical/Libraries/Acp10sdc/acp10sdc.var
/Logical/Libraries/Acp10sdc/acp10sdc.typ
/Logical/Libraries/NcGlobal/Ncglobal.fun
/Logical/Libraries/NcGlobal/Ncglobal.typ
/Logical/Libraries/NcGlobal/Ncglobal.var
/Logical/Libraries/Acp10man/Acp10man.typ
/Logical/Libraries/Acp10par/Acp10par.var
/Logical/Libraries/Acp10_MC/acp10_mc.var
/Logical/Libraries/Acp10_MC/acp10_mc.typ
/Logical/Libraries/Acp10_MC/acp10_mc.fun
/Logical/Libraries/LoopConR/LoopConR.var
/Logical/Libraries/LoopConR/LoopConR.typ
/Logical/Libraries/LoopConR/LoopConR.fun
/Logical/Error_Eng/Error_Eng.ett
/Logical/HMI/Splash/SplashCyclic.st
/Logical/HMI/Splash/Splash.typ
/Logical/HMI/Splash/Splash.var
/Logical/HMI/HMI_Control/HMI_ControlCyclic.st
/Logical/HMI/HMI_Control/HMI_ControlInit.st
/Logical/HMI/HMI_Control/HMI_Control.typ
/Logical/HMI/HMI_Control/HMI_Control.var
/Logical/HMI/Units/UnitsCyclic.st
/Logical/HMI/Units/UnitsInit.st
/Logical/HMI/Units/Units.typ
/Logical/HMI/Units/Units.var
/Logical/HMI/Language/LanguageCyclic.st
/Logical/HMI/Language/Language.typ
/Logical/HMI/Language/Language.var
/Logical/HMI/Password/PasswordCyclic.st
/Logical/HMI/Password/PasswordInit.st
/Logical/HMI/Password/Password.typ
/Logical/HMI/Password/Password.var
/Logical/HMI/Cmd_Trace/Cmd_TraceCyclic.st
/Logical/HMI/Cmd_Trace/Cmd_Trace.typ
/Logical/HMI/Cmd_Trace/Cmd_Trace.var
/Logical/HMI/Recipe_1/Recipe_1Cyclic.st
/Logical/HMI/Recipe_1/Recipe_1Init.st
/Logical/HMI/Recipe_1/Recipe_1.typ
/Logical/HMI/Recipe_1/Recipe_1.var
/Logical/HMI/Recipe_2/Recipe_2Cyclic.st
/Logical/HMI/Recipe_2/Recipe_2Init.st
/Logical/HMI/Recipe_2/Recipe_2.typ
/Logical/HMI/Recipe_2/Recipe_2.var
/Logical/HMI/Message_1/Message_1Cyclic.ld
/Logical/HMI/Message_1/Message_1.typ
/Logical/HMI/Message_1/Message_1.var
/Logical/HMI/Message_2/Message_2Cyclic.ld
/Logical/HMI/Message_2/Message_2.typ
/Logical/HMI/Message_2/Message_2.var
/Logical/HMI/BackUp/BackUpCyclic.st
/Logical/HMI/BackUp/BackUpInit.st
/Logical/HMI/BackUp/BackUp.typ
/Logical/HMI/BackUp/BackUp.var
/Logical/HMI/CPURestart/CPURestartCyclic.st
/Logical/HMI/CPURestart/CPURestartInit.st
/Logical/HMI/CPURestart/CPURestart.var
/Logical/HMI/HMI_10/VCObject.vc
/Logical/BagMachine_Section/MasterAxis/A9_Init/A9_Init/A9_Init.vax
/Logical/BagMachine_Section/MasterAxis/A9_Init/A9_Par/A9_Par.apt
/Logical/BagMachine_Section/MasterAxis/A9_Init/A9_Basic/A9_BasicCyclic.st
/Logical/BagMachine_Section/MasterAxis/A9_Init/A9_Basic/A9_BasicInit.st
/Logical/BagMachine_Section/MasterAxis/A9_Init/A9_Basic/A9_Basic.typ
/Logical/BagMachine_Section/MasterAxis/A9_Init/A9_Basic/A9_Basic.var
/Logical/BagMachine_Section/MasterAxis/A9_Init/A9_Control/A9_ControlCyclic.ld
/Logical/BagMachine_Section/MasterAxis/A9_Init/A9_Control/A9_Control.typ
/Logical/BagMachine_Section/MasterAxis/A9_Init/A9_Control/A9_Control.var
/Logical/BagMachine_Section/MasterAxis/A9_Init/SetSpeedMode/SetSpeedModeCyclic.st
/Logical/BagMachine_Section/MasterAxis/A9_Init/SetSpeedMode/SetSpeedModeInit.st
/Logical/BagMachine_Section/MasterAxis/A9_Init/SetSpeedMode/SetSpeedMode.var
/Logical/BagMachine_Section/Servo_Power_Supply/Axis0/A0_Init/A0_Init.ax
/Logical/BagMachine_Section/Servo_Power_Supply/Axis0/A0_Par/A0_Par.apt
/Logical/BagMachine_Section/Servo_Power_Supply/Axis0/A0_Basic/A0_BasicCyclic.st
/Logical/BagMachine_Section/Servo_Power_Supply/Axis0/A0_Basic/A0_BasicInit.st
/Logical/BagMachine_Section/Servo_Power_Supply/Axis0/A0_Basic/A0_Basic.typ
/Logical/BagMachine_Section/Servo_Power_Supply/Axis0/A0_Basic/A0_Basic.var
/Logical/BagMachine_Section/Perf/CamProfTest/CamProfTest.cam
/Logical/BagMachine_Section/Perf/Perf_Gen/Perf_GenCyclic.st
/Logical/BagMachine_Section/Perf/Perf_Gen/Perf_GenInit.st
/Logical/BagMachine_Section/Perf/Perf_Gen/Perf_Gen.var
/Logical/BagMachine_Section/Perf/Perf_Gen/Perf_Gen.typ
/Logical/BagMachine_Section/Perf/Axis1/A1_Init/A1_Init.ax
/Logical/BagMachine_Section/Perf/Axis1/A1_Par/A1_Par.apt
/Logical/BagMachine_Section/Perf/Axis1/A1_Basic/A1_BasicCyclic.st
/Logical/BagMachine_Section/Perf/Axis1/A1_Basic/A1_BasicInit.st
/Logical/BagMachine_Section/Perf/Axis1/A1_Basic/A1_Basic.typ
/Logical/BagMachine_Section/Perf/Axis1/A1_Basic/A1_Basic.var
/Logical/BagMachine_Section/Perf/Axis1/A1_Control/A1_ControlCyclic.ld
/Logical/BagMachine_Section/Perf/Axis1/A1_Control/A1_Control.typ
/Logical/BagMachine_Section/Perf/Axis1/A1_Control/A1_Control.var
/Logical/BagMachine_Section/Perf/Axis1/A1_Automat/A1_AutomatCyclic.st
/Logical/BagMachine_Section/Perf/Axis1/A1_Automat/A1_Automat.typ
/Logical/BagMachine_Section/Perf/Axis1/A1_Automat/A1_Automat.var
/Logical/BagMachine_Section/Perf/Axis1/A1_Automat2/A1_Automat2Cyclic.st
/Logical/BagMachine_Section/Perf/Axis1/A1_Automat2/A1_Automat2.typ
/Logical/BagMachine_Section/Perf/Axis1/A1_Automat2/A1_Automat2.var
/Logical/BagMachine_Section/Perf/Axis1/A1_Ref/A1_RefCyclic.ld
/Logical/BagMachine_Section/Perf/Axis1/A1_Ref/A1_Ref.typ
/Logical/BagMachine_Section/Perf/Axis1/A1_Ref/A1_Ref.var
/Logical/BagMachine_Section/Perf/Axis1/A1_Cycle/A1_CycleCyclic.st
/Logical/BagMachine_Section/Perf/Axis1/A1_Cycle/A1_CycleInit.st
/Logical/BagMachine_Section/Perf/Axis1/A1_Cycle/A1_Cycle.typ
/Logical/BagMachine_Section/Perf/Axis1/A1_Cycle/A1_Cycle.var
/Logical/BagMachine_Section/Perf/Axis1/A1_CamProfCalc/A1_CamProfCalcCyclic.st
/Logical/BagMachine_Section/Perf/Axis1/A1_CamProfCalc/A1_CamProfCalcInit.st
/Logical/BagMachine_Section/Perf/Axis1/A1_CamProfCalc/A1_CamProfCalc.var
/Logical/BagMachine_Section/Perf/Axis11_VirtualAxis/A11_Init/A11_Initl.vax
/Logical/BagMachine_Section/Perf/Axis11_VirtualAxis/A11_Par/A11_Par.apt
/Logical/BagMachine_Section/Perf/Axis11_VirtualAxis/A11_Basic/A11_BasicCyclic.st
/Logical/BagMachine_Section/Perf/Axis11_VirtualAxis/A11_Basic/A11_BasicInit.st
/Logical/BagMachine_Section/Perf/Axis11_VirtualAxis/A11_Basic/A11_Basic.typ
/Logical/BagMachine_Section/Perf/Axis11_VirtualAxis/A11_Basic/A11_Basic.var
/Logical/BagMachine_Section/Perf/Axis11_VirtualAxis/A11_Control/A11_ControlCyclic.ld
/Logical/BagMachine_Section/Perf/Axis11_VirtualAxis/A11_Control/A11_Control.typ
/Logical/BagMachine_Section/Perf/Axis11_VirtualAxis/A11_Control/A11_Control.var
/Logical/BagMachine_Section/Perf/Axis11_VirtualAxis/A11_Automat/A11_AutomatCyclic.st
/Logical/BagMachine_Section/Perf/Axis11_VirtualAxis/A11_Automat/A11_Automat.typ
/Logical/BagMachine_Section/Perf/Axis11_VirtualAxis/A11_Automat/A11_Automat.var
/Logical/BagMachine_Section/FP/FP_Gen/FP_GenCyclic.st
/Logical/BagMachine_Section/FP/FP_Gen/FP_GenInit.st
/Logical/BagMachine_Section/FP/FP_Gen/FP_Gen.typ
/Logical/BagMachine_Section/FP/FP_Gen/FP_Gen.var
/Logical/BagMachine_Section/FP/FP_Dryer/DryerCyclic.st
/Logical/BagMachine_Section/FP/FP_Dryer/DryerInit.st
/Logical/BagMachine_Section/FP/FP_Dryer/Dryer.var
/Logical/BagMachine_Section/FP/FP_Heater/FP_HeaterCyclic.st
/Logical/BagMachine_Section/FP/FP_Heater/FP_HeaterInit.st
/Logical/BagMachine_Section/FP/FP_Heater/FP_Heater.typ
/Logical/BagMachine_Section/FP/FP_Heater/FP_Heater.var
/Logical/BagMachine_Section/FP/Axis2/A2_Init/A2_Init.ax
/Logical/BagMachine_Section/FP/Axis2/A2_Par/A2_Par.apt
/Logical/BagMachine_Section/FP/Axis2/A2_Basic/A2_BasicCyclic.st
/Logical/BagMachine_Section/FP/Axis2/A2_Basic/A2_BasicInit.st
/Logical/BagMachine_Section/FP/Axis2/A2_Basic/A2_Basic.typ
/Logical/BagMachine_Section/FP/Axis2/A2_Basic/A2_Basic.var
/Logical/BagMachine_Section/FP/Axis2/A2_Control/A2_ControlCyclic.ld
/Logical/BagMachine_Section/FP/Axis2/A2_Control/A2_Control.typ
/Logical/BagMachine_Section/FP/Axis2/A2_Control/A2_Control.var
/Logical/BagMachine_Section/FP/Axis2/A2_Automat/A2_AutomatCyclic.st
/Logical/BagMachine_Section/FP/Axis2/A2_Automat/A2_Automat.typ
/Logical/BagMachine_Section/FP/Axis2/A2_Automat/A2_Automat.var
/Logical/BagMachine_Section/FP/Axis2/A2_Ref/A2_RefCyclic.ld
/Logical/BagMachine_Section/FP/Axis2/A2_Ref/A2_Ref.typ
/Logical/BagMachine_Section/FP/Axis2/A2_Ref/A2_Ref.var
/Logical/BagMachine_Section/FP/Axis2/A2_Cycle/A2_CycleCyclic.st
/Logical/BagMachine_Section/FP/Axis2/A2_Cycle/A2_CycleInit.st
/Logical/BagMachine_Section/FP/Axis2/A2_Cycle/A2_Cycle.typ
/Logical/BagMachine_Section/FP/Axis2/A2_Cycle/A2_Cycle.var
/Logical/BagMachine_Section/Holding/Axis3/A3_Init/A3_Init.ax
/Logical/BagMachine_Section/Holding/Axis3/A3_Par/A3_Par.apt
/Logical/BagMachine_Section/Holding/Axis3/A3_Basic/A3_BasicCyclic.st
/Logical/BagMachine_Section/Holding/Axis3/A3_Basic/A3_BasicInit.st
/Logical/BagMachine_Section/Holding/Axis3/A3_Basic/A3_Basic.typ
/Logical/BagMachine_Section/Holding/Axis3/A3_Basic/A3_Basic.var
/Logical/BagMachine_Section/Holding/Axis3/A3_Control/A3_ControlCyclic.ld
/Logical/BagMachine_Section/Holding/Axis3/A3_Control/A3_Control.typ
/Logical/BagMachine_Section/Holding/Axis3/A3_Control/A3_Control.var
/Logical/BagMachine_Section/Holding/Axis3/A3_Automat/A3_AutomatCyclic.st
/Logical/BagMachine_Section/Holding/Axis3/A3_Automat/A3_Automat.typ
/Logical/BagMachine_Section/Holding/Axis3/A3_Automat/A3_Automat.var
/Logical/BagMachine_Section/Holding/Axis3/A3_Ref/A3_RefCyclic.ld
/Logical/BagMachine_Section/Holding/Axis3/A3_Ref/A3_Ref.typ
/Logical/BagMachine_Section/Holding/Axis3/A3_Ref/A3_Ref.var
/Logical/BagMachine_Section/Holding/Axis3/A3_Cycle/A3_CycleCyclic.st
/Logical/BagMachine_Section/Holding/Axis3/A3_Cycle/A3_CycleInit.st
/Logical/BagMachine_Section/Holding/Axis3/A3_Cycle/A3_Cycle.typ
/Logical/BagMachine_Section/Holding/Axis3/A3_Cycle/A3_Cycle.var
/Logical/BagMachine_Section/Tearing/Axis4/A4_Init/A4_Init.ax
/Logical/BagMachine_Section/Tearing/Axis4/A4_Par/A4_Par.apt
/Logical/BagMachine_Section/Tearing/Axis4/A4_Basic/A4_BasicCyclic.st
/Logical/BagMachine_Section/Tearing/Axis4/A4_Basic/A4_BasicInit.st
/Logical/BagMachine_Section/Tearing/Axis4/A4_Basic/A4_Basic.typ
/Logical/BagMachine_Section/Tearing/Axis4/A4_Basic/A4_Basic.var
/Logical/BagMachine_Section/Tearing/Axis4/A4_Control/A4_ControlCyclic.ld
/Logical/BagMachine_Section/Tearing/Axis4/A4_Control/A4_Control.typ
/Logical/BagMachine_Section/Tearing/Axis4/A4_Control/A4_Control.var
/Logical/BagMachine_Section/Tearing/Axis4/A4_Automat/A4_AutomatCyclic.st
/Logical/BagMachine_Section/Tearing/Axis4/A4_Automat/A4_Automat.typ
/Logical/BagMachine_Section/Tearing/Axis4/A4_Automat/A4_Automat.var
/Logical/BagMachine_Section/Tearing/Axis4/A4_Ref/A4_RefCyclic.ld
/Logical/BagMachine_Section/Tearing/Axis4/A4_Ref/A4_Ref.typ
/Logical/BagMachine_Section/Tearing/Axis4/A4_Ref/A4_Ref.var
/Logical/BagMachine_Section/Tearing/Axis4/A4_Cycle/A4_CycleCyclic.st
/Logical/BagMachine_Section/Tearing/Axis4/A4_Cycle/A4_CycleInit.st
/Logical/BagMachine_Section/Tearing/Axis4/A4_Cycle/A4_Cycle.typ
/Logical/BagMachine_Section/Tearing/Axis4/A4_Cycle/A4_Cycle.var
/Logical/BagMachine_Section/EntryPull/EntryNip/EntryNipCyclic.ld
/Logical/BagMachine_Section/EntryPull/EntryNip/EntryNip.typ
/Logical/BagMachine_Section/EntryPull/EntryNip/EntryNip.var
/Logical/BagMachine_Section/EntryPull/Axis5/A5_Init/A5_Init.ax
/Logical/BagMachine_Section/EntryPull/Axis5/A5_Par/A5_Par.apt
/Logical/BagMachine_Section/EntryPull/Axis5/A5_Basic/A5_BasicCyclic.st
/Logical/BagMachine_Section/EntryPull/Axis5/A5_Basic/A5_BasicInit.st
/Logical/BagMachine_Section/EntryPull/Axis5/A5_Basic/A5_Basic.typ
/Logical/BagMachine_Section/EntryPull/Axis5/A5_Basic/A5_Basic.var
/Logical/BagMachine_Section/EntryPull/Axis5/A5_Control/A5_ControlCyclic.ld
/Logical/BagMachine_Section/EntryPull/Axis5/A5_Control/A5_Control.typ
/Logical/BagMachine_Section/EntryPull/Axis5/A5_Control/A5_Control.var
/Logical/BagMachine_Section/EntryPull/Axis5/A5_Automat/A5_AutomatCyclic.st
/Logical/BagMachine_Section/EntryPull/Axis5/A5_Automat/A5_Automat.typ
/Logical/BagMachine_Section/EntryPull/Axis5/A5_Automat/A5_Automat.var
/Logical/BagMachine_Section/EntryPull/Axis5/A5_Draw/A5_DrawInit.st
/Logical/BagMachine_Section/EntryPull/Axis5/A5_Draw/A5_DrawCyclic.st
/Logical/BagMachine_Section/EntryPull/Axis5/A5_Draw/A5_Draw.typ
/Logical/BagMachine_Section/EntryPull/Axis5/A5_Draw/A5_Draw.var
/Logical/BagMachine_Section/EntryPull/Registration/A5_Reg1/A5_Reg1Cyclic.st
/Logical/BagMachine_Section/EntryPull/Registration/A5_Reg1/A5_Reg1Init.st
/Logical/BagMachine_Section/EntryPull/Registration/A5_Reg1/A5_Reg1.typ
/Logical/BagMachine_Section/EntryPull/Registration/A5_Reg1/A5_Reg1.var
/Logical/BagMachine_Section/EntryPull/Registration/A5_Reg2/A5_Reg2Cyclic.st
/Logical/BagMachine_Section/EntryPull/Registration/A5_Reg2/A5_Reg2.typ
/Logical/BagMachine_Section/EntryPull/Registration/A5_Reg2/A5_Reg2.var
/Logical/BagMachine_Section/ExitPull/ExitNip/NipCyclic.ld
/Logical/BagMachine_Section/ExitPull/ExitNip/ExitNip.typ
/Logical/BagMachine_Section/ExitPull/ExitNip/ExitNip.var
/Logical/BagMachine_Section/ExitPull/Axis6/A6_Init/A6_Init.ax
/Logical/BagMachine_Section/ExitPull/Axis6/A6_Par/A6_Par.apt
/Logical/BagMachine_Section/ExitPull/Axis6/A6_Basic/A6_BasicCyclic.st
/Logical/BagMachine_Section/ExitPull/Axis6/A6_Basic/A6_BasicInit.st
/Logical/BagMachine_Section/ExitPull/Axis6/A6_Basic/A6_Basic.typ
/Logical/BagMachine_Section/ExitPull/Axis6/A6_Basic/A6_Basic.var
/Logical/BagMachine_Section/ExitPull/Axis6/A6_Control/A6_ControlCyclic.ld
/Logical/BagMachine_Section/ExitPull/Axis6/A6_Control/A6_Control.typ
/Logical/BagMachine_Section/ExitPull/Axis6/A6_Control/A6_Control.var
/Logical/BagMachine_Section/ExitPull/Axis6/A6_Automat/A6_AutomatCyclic.st
/Logical/BagMachine_Section/ExitPull/Axis6/A6_Automat/A6_Automat.typ
/Logical/BagMachine_Section/ExitPull/Axis6/A6_Automat/A6_Automat.var
/Logical/BagMachine_Section/ExitPull/Axis6/A6_Draw/A6_DrawCyclic.st
/Logical/BagMachine_Section/ExitPull/Axis6/A6_Draw/A6_Draw.typ
/Logical/BagMachine_Section/ExitPull/Axis6/A6_Draw/A6_Draw.var
/Logical/BagMachine_Section/Drum/Axis7/A7_Init/A7_Init.ax
/Logical/BagMachine_Section/Drum/Axis7/A7_Par/A7_Par.apt
/Logical/BagMachine_Section/Drum/Axis7/A7_Basic/A7_BasicCyclic.st
/Logical/BagMachine_Section/Drum/Axis7/A7_Basic/A7_BasicInit.st
/Logical/BagMachine_Section/Drum/Axis7/A7_Basic/A7_Basic.typ
/Logical/BagMachine_Section/Drum/Axis7/A7_Basic/A7_Basic.var
/Logical/BagMachine_Section/Drum/Axis7/A7_Control/A7_ControlCyclic.ld
/Logical/BagMachine_Section/Drum/Axis7/A7_Control/A7_Control.typ
/Logical/BagMachine_Section/Drum/Axis7/A7_Control/A7_Control.var
/Logical/BagMachine_Section/Drum/Axis7/A7_Automat/A7_AutomatCyclic.st
/Logical/BagMachine_Section/Drum/Axis7/A7_Automat/A7_Automat.typ
/Logical/BagMachine_Section/Drum/Axis7/A7_Automat/A7_Automat.var
/Logical/BagMachine_Section/Drum/Axis7/A7_Ref/A7_RefCyclic.ld
/Logical/BagMachine_Section/Drum/Axis7/A7_Ref/A7_Ref.typ
/Logical/BagMachine_Section/Drum/Axis7/A7_Ref/A7_Ref.var
/Logical/BagMachine_Section/Drum/Axis7/A7_Cycle/A7_CycleCyclic.st
/Logical/BagMachine_Section/Drum/Axis7/A7_Cycle/A7_CycleInit.st
/Logical/BagMachine_Section/Drum/Axis7/A7_Cycle/A7_Cycle.typ
/Logical/BagMachine_Section/Drum/Axis7/A7_Cycle/A7_Cycle.var
/Logical/BagMachine_Section/ColdMicroPerf/CMPerf_Gen/CMPerf_GenCyclic.st
/Logical/BagMachine_Section/ColdMicroPerf/CMPerf_Gen/CMPerf_GenInit.st
/Logical/BagMachine_Section/ColdMicroPerf/CMPerf_Gen/CMPerf_Gen.typ
/Logical/BagMachine_Section/ColdMicroPerf/CMPerf_Gen/CMPerf_Gen.var
/Logical/BagMachine_Section/ColdMicroPerf/Axis8/A8_Init/A8_Init.ax
/Logical/BagMachine_Section/ColdMicroPerf/Axis8/A8_Par/A8_Par.apt
/Logical/BagMachine_Section/ColdMicroPerf/Axis8/A8_Basic/A8_BasicCyclic.st
/Logical/BagMachine_Section/ColdMicroPerf/Axis8/A8_Basic/A8_BasicInit.st
/Logical/BagMachine_Section/ColdMicroPerf/Axis8/A8_Basic/A8_Basic.typ
/Logical/BagMachine_Section/ColdMicroPerf/Axis8/A8_Basic/A8_Basic.var
/Logical/BagMachine_Section/ColdMicroPerf/Axis8/A8_Control/A8_ControlCyclic.ld
/Logical/BagMachine_Section/ColdMicroPerf/Axis8/A8_Control/A8_Control.typ
/Logical/BagMachine_Section/ColdMicroPerf/Axis8/A8_Control/A8_Control.var
/Logical/BagMachine_Section/ColdMicroPerf/Axis8/A8_Automat/A8_AutomatCyclic.st
/Logical/BagMachine_Section/ColdMicroPerf/Axis8/A8_Automat/A8_Automat.typ
/Logical/BagMachine_Section/ColdMicroPerf/Axis8/A8_Automat/A8_Automat.var
/Logical/BagMachine_Section/ColdMicroPerf/Axis8/A8_Draw/A8_DrawCyclic.st
/Logical/BagMachine_Section/ColdMicroPerf/Axis8/A8_Draw/A8_Draw.typ
/Logical/BagMachine_Section/ColdMicroPerf/Axis8/A8_Draw/A8_Draw.var
/Logical/BagMachine_Section/EnvBag/EB_Gen/EB_GenCyclic.st
/Logical/BagMachine_Section/EnvBag/EB_Gen/EB_GenInit.st
/Logical/BagMachine_Section/EnvBag/EB_Gen/EB_Gen.var
/Logical/BagMachine_Section/EnvBag/Axis12/A12_Init/A12_Init.ax
/Logical/BagMachine_Section/EnvBag/Axis12/A12_Par/A12_Par.apt
/Logical/BagMachine_Section/EnvBag/Axis12/A12_Basic/A12_BasicCyclic.st
/Logical/BagMachine_Section/EnvBag/Axis12/A12_Basic/A12_BasicInit.st
/Logical/BagMachine_Section/EnvBag/Axis12/A12_Basic/A12_Basic.var
/Logical/BagMachine_Section/EnvBag/Axis12/A12_Control/A12_ControlCyclic.ld
/Logical/BagMachine_Section/EnvBag/Axis12/A12_Control/A12_Control.var
/Logical/BagMachine_Section/EnvBag/Axis12/A12_Automat/A12_AutomatCyclic.st
/Logical/BagMachine_Section/EnvBag/Axis12/A12_Automat/A12_Automat.var
/Logical/BagMachine_Section/EnvBag/Axis12/A12_Ref/A12_RefCyclic.ld
/Logical/BagMachine_Section/EnvBag/Axis12/A12_Ref/RefStop.st
/Logical/BagMachine_Section/EnvBag/Axis12/A12_Ref/A12_Ref.var
/Logical/BagMachine_Section/EnvBag/Axis12/A12_Cycle/A12_CycleCyclic.st
/Logical/BagMachine_Section/EnvBag/Axis12/A12_Cycle/A12_CycleInit.st
/Logical/BagMachine_Section/EnvBag/Axis12/A12_Cycle/A12_Cycle.var
/Logical/BagMachine_Section/EnvBag/Axis12/A12_Ref_V1/A12_RefCyclic.ld
/Logical/BagMachine_Section/EnvBag/Axis12/A12_Ref_V1/RefStop.st
/Logical/BagMachine_Section/EnvBag/Axis12/A12_Ref_V1/A12_Ref.var
/Logical/BagMachine_Section/EnvBag/Axis13/A13_Init/A13_Init.ax
/Logical/BagMachine_Section/EnvBag/Axis13/A13_Par/A13_Par.apt
/Logical/BagMachine_Section/EnvBag/Axis13/A13_Basic/A13_BasicCyclic.st
/Logical/BagMachine_Section/EnvBag/Axis13/A13_Basic/A13_BasicInit.st
/Logical/BagMachine_Section/EnvBag/Axis13/A13_Basic/A13_Basic.var
/Logical/BagMachine_Section/EnvBag/Axis13/A13_Control/A13_ControlCyclic.ld
/Logical/BagMachine_Section/EnvBag/Axis13/A13_Control/A13_Control.var
/Logical/BagMachine_Section/EnvBag/Axis13/A13_Automat/A13_AutomatCyclic.st
/Logical/BagMachine_Section/EnvBag/Axis13/A13_Automat/A13_Automat.var
/Logical/BagMachine_Section/EnvBag/Axis13/A13_Ref/A13_RefCyclic.ld
/Logical/BagMachine_Section/EnvBag/Axis13/A13_Ref/A13_Ref.var
/Logical/BagMachine_Section/EnvBag/Axis13/A13_Cycle/A13_CycleCyclic.st
/Logical/BagMachine_Section/EnvBag/Axis13/A13_Cycle/A13_CycleInit.st
/Logical/BagMachine_Section/EnvBag/Axis13/A13_Cycle/A13_Cycle.var
/Logical/BagMachine_Section/HotMicroPerf/HMPerf_Gen/HMPerf_GenCyclic.st
/Logical/BagMachine_Section/HotMicroPerf/HMPerf_Gen/HMPerf_GenInit.st
/Logical/BagMachine_Section/HotMicroPerf/HMPerf_Gen/HMPerf_Gen.typ
/Logical/BagMachine_Section/HotMicroPerf/HMPerf_Gen/HMPerf_Gen.var
/Logical/BagMachine_Section/HotMicroPerf/Axis15/A15_Init/A15_Init.ax
/Logical/BagMachine_Section/HotMicroPerf/Axis15/A15_Par/A15_Par.apt
/Logical/BagMachine_Section/HotMicroPerf/Axis15/A15_Basic/A15_BasicCyclic.st
/Logical/BagMachine_Section/HotMicroPerf/Axis15/A15_Basic/A15_BasicInit.st
/Logical/BagMachine_Section/HotMicroPerf/Axis15/A15_Basic/A15_Basic.typ
/Logical/BagMachine_Section/HotMicroPerf/Axis15/A15_Basic/A15_Basic.var
/Logical/BagMachine_Section/HotMicroPerf/Axis15/A15_Control/A15_ControlCyclic.ld
/Logical/BagMachine_Section/HotMicroPerf/Axis15/A15_Control/A15_Control.typ
/Logical/BagMachine_Section/HotMicroPerf/Axis15/A15_Control/A15_Control.var
/Logical/BagMachine_Section/HotMicroPerf/Axis15/A15_Automat/A15_AutomatCyclic.st
/Logical/BagMachine_Section/HotMicroPerf/Axis15/A15_Automat/A15_Automat.typ
/Logical/BagMachine_Section/HotMicroPerf/Axis15/A15_Automat/A15_Automat.var
/Logical/BagMachine_Section/HotMicroPerf/Axis15/A15_Ref/A15_RefCyclic.ld
/Logical/BagMachine_Section/HotMicroPerf/Axis15/A15_Ref/A15_Ref.typ
/Logical/BagMachine_Section/HotMicroPerf/Axis15/A15_Ref/A15_Ref.var
/Logical/BagMachine_Section/HotMicroPerf/Axis15/A15_Cycle/A15_CycleCyclic.st
/Logical/BagMachine_Section/HotMicroPerf/Axis15/A15_Cycle/A15_CycleInit.st
/Logical/BagMachine_Section/HotMicroPerf/Axis15/A15_Cycle/A15_Cycle.typ
/Logical/BagMachine_Section/HotMicroPerf/Axis15/A15_Cycle/A15_Cycle.var
/Logical/BagMachine_Section/HotMicroPerf/Axis15/A15_MotionCycle/A15_MotionCycleCyclic.st
/Logical/BagMachine_Section/HotMicroPerf/Axis15/A15_MotionCycle/A15_MotionCycleInit.st
/Logical/BagMachine_Section/HotMicroPerf/Axis15/A15_MotionCycle/A15_MotionCycle.var
/Logical/BagMachine_Section/BagBundler/BagBundler.var
/Logical/BagMachine_Section/BagBundler/Control/ControlCyclic.st
/Logical/BagMachine_Section/BagBundler/Control/ControlInit.st
/Logical/BagMachine_Section/BagBundler/Control/Control.var
/Logical/BagMachine_Section/BagBundler/Separator/SeparatorCyclic.st
/Logical/BagMachine_Section/BagBundler/Separator/SeparatorInit.st
/Logical/BagMachine_Section/BagBundler/Separator/Separator.var
/Logical/BagMachine_Section/BagBundler/Tilter/TilterCyclic.st
/Logical/BagMachine_Section/BagBundler/Tilter/TilterInit.st
/Logical/BagMachine_Section/BagBundler/Tilter/Tilter.var
/Logical/BagMachine_Section/BagBundler/Test_Simul/Test_SimulCyclic.st
/Logical/BagMachine_Section/BagBundler/Test_Simul/Test_SimulInit.st
/Logical/BagMachine_Section/BagBundler/Test_Simul/Test_Simul.var
/Logical/BagMachine_Section/Count/CountCyclic.st
/Logical/BagMachine_Section/Count/CountInit.st
/Logical/BagMachine_Section/Count/Count.typ
/Logical/BagMachine_Section/Count/Count.var
/Logical/BagMachine_Section/ColdGlue/ColdGlueCyclic.st
/Logical/BagMachine_Section/ColdGlue/ColdGlueInit.st
/Logical/BagMachine_Section/ColdGlue/ColdGlue.typ
/Logical/BagMachine_Section/ColdGlue/ColdGlue.var
/Logical/BagMachine_Section/HotGlue/HotGlueCyclic.st
/Logical/BagMachine_Section/HotGlue/HotGlueInit.st
/Logical/BagMachine_Section/HotGlue/HotGlue.typ
/Logical/BagMachine_Section/HotGlue/HotGlue.var
/Logical/BagMachine_Section/RS_Glue/RS_GlueCyclic.st
/Logical/BagMachine_Section/RS_Glue/RS_GlueInit.st
/Logical/BagMachine_Section/RS_Glue/RS_Glue.typ
/Logical/BagMachine_Section/RS_Glue/RS_Glue.var
/Logical/BagMachine_Section/RS_Glue_V0/RS_GlueCyclic.st
/Logical/BagMachine_Section/RS_Glue_V0/RS_GlueInit.st
/Logical/BagMachine_Section/RS_Glue_V0/RS_Glue.typ
/Logical/BagMachine_Section/RS_Glue_V0/RS_Glue.var
/Logical/BagMachine_Section/Unw_3W_Glue/Unw_3W_GlueCyclic.st
/Logical/BagMachine_Section/Unw_3W_Glue/Unw_3W_GlueInit.st
/Logical/BagMachine_Section/Unw_3W_Glue/Unw_3W_Glue.typ
/Logical/BagMachine_Section/Unw_3W_Glue/Unw_3W_Glue.var
/Logical/BagMachine_Section/GlueTray/GlueTrayCyclic.st
/Logical/BagMachine_Section/GlueTray/GlueTrayInit.st
/Logical/BagMachine_Section/GlueTray/GlueTray.typ
/Logical/BagMachine_Section/GlueTray/GlueTray.var
/Logical/BagMachine_Section/Vacuum/VacuumCyclic.st
/Logical/BagMachine_Section/Vacuum/VacuumInit.st
/Logical/BagMachine_Section/Vacuum/Vacuum.typ
/Logical/BagMachine_Section/Vacuum/Vacuum.var
/Logical/BagMachine_Section/Unwinder/UnwinderCyclic.st
/Logical/BagMachine_Section/Unwinder/UnwinderInit.st
/Logical/BagMachine_Section/Unwinder/Unwinder.var
/Logical/BagMachine_Section/ExitTable/TableCyclic.st
/Logical/BagMachine_Section/ExitTable/TableInit.st
/Logical/BagMachine_Section/ExitTable/ExitTable.typ
/Logical/BagMachine_Section/ExitTable/ExitTable.var
/Logical/BagMachine_Section/3Web_Unit/3Web_UnitCyclic.st
/Logical/BagMachine_Section/3Web_Unit/3Web_UnitInit.st
/Logical/BagMachine_Section/3Web_Unit/3Web_Unit.var
/Logical/BagMachine_Section/GlobProgCalc/GlobProgCalcCyclic.st
/Logical/BagMachine_Section/GlobProgCalc/GlobProgCalcInit.st
/Logical/BagMachine_Section/GlobProgCalc/GlobProgCalc.typ
/Logical/BagMachine_Section/GlobProgCalc/GlobProgCalc.var
/Logical/SupervisoryControl_Section/Setup/SetupCyclic.st
/Logical/SupervisoryControl_Section/Setup/SetupInit.st
/Logical/SupervisoryControl_Section/Setup/Setup.typ
/Logical/SupervisoryControl_Section/Setup/Setup.var
/Logical/SupervisoryControl_Section/ManMode/ManModeCyclic.st
/Logical/SupervisoryControl_Section/ManMode/ManModeInit.st
/Logical/SupervisoryControl_Section/ManMode/ManMode.typ
/Logical/SupervisoryControl_Section/ManMode/ManMode.var
/Logical/SupervisoryControl_Section/Speed/SpeedCyclic.st
/Logical/SupervisoryControl_Section/Speed/SpeedInit.st
/Logical/SupervisoryControl_Section/Speed/Speed.typ
/Logical/SupervisoryControl_Section/Speed/Speed.var
/Logical/SupervisoryControl_Section/Guard_Mon/Guard_MonCyclic.ld
/Logical/SupervisoryControl_Section/Guard_Mon/Guard_Mon.typ
/Logical/SupervisoryControl_Section/Guard_Mon/Guard_Mon.var
/Logical/SupervisoryControl_Section/Stop_Mon/Stop_MonCyclic.ld
/Logical/SupervisoryControl_Section/Stop_Mon/Stop_Mon.typ
/Logical/SupervisoryControl_Section/Stop_Mon/Stop_Mon.var
/Logical/SupervisoryControl_Section/Servo_Mon/Servo_MonCyclic.ld
/Logical/SupervisoryControl_Section/Servo_Mon/Servo_Mon.typ
/Logical/SupervisoryControl_Section/Servo_Mon/Servo_Mon.var
/Logical/SupervisoryControl_Section/Alarm_Section/EStopReset/EStopResetCyclic.ld
/Logical/SupervisoryControl_Section/Alarm_Section/EStopReset/EStopReset.typ
/Logical/SupervisoryControl_Section/Alarm_Section/EStopReset/EStopReset.var
/Logical/SupervisoryControl_Section/Alarm_Section/Alarms1/Alarms1Cyclic.ld
/Logical/SupervisoryControl_Section/Alarm_Section/Alarms1/actIO_Ex_FailDetect_E1_L3.st
/Logical/SupervisoryControl_Section/Alarm_Section/Alarms1/actIO_Ex_FailDetect_L9.st
/Logical/SupervisoryControl_Section/Alarm_Section/Alarms1/actIO_Ex_FailDetect_L15.st
/Logical/SupervisoryControl_Section/Alarm_Section/Alarms1/actAnimAlarmVisu.st
/Logical/SupervisoryControl_Section/Alarm_Section/Alarms1/Alarms1Init.st
/Logical/SupervisoryControl_Section/Alarm_Section/Alarms1/Alarms1.typ
/Logical/SupervisoryControl_Section/Alarm_Section/Alarms1/Alarms1.var
/Logical/SupervisoryControl_Section/Alarm_Section/MainAlarms/MainAlarmsCyclic.ld
/Logical/SupervisoryControl_Section/Alarm_Section/MainAlarms/MainAlarms.typ
/Logical/SupervisoryControl_Section/Alarm_Section/MainAlarms/MainAlarms.var
/Logical/SupervisoryControl_Section/Jog/JogCyclic.ld
/Logical/SupervisoryControl_Section/Jog/Jog.typ
/Logical/SupervisoryControl_Section/Jog/Jog.var
/Logical/SupervisoryControl_Section/Run/RunCyclic.ld
/Logical/SupervisoryControl_Section/Run/Run.typ
/Logical/SupervisoryControl_Section/Run/Run.var
/Logical/SupervisoryControl_Section/PowerTimer/PowerTimerCyclic.ld
/Logical/SupervisoryControl_Section/PowerTimer/PowerTimer.typ
/Logical/SupervisoryControl_Section/PowerTimer/PowerTimer.var
/Logical/SupervisoryControl_Section/HourMeter/HourMeterCyclic.st
/Logical/SupervisoryControl_Section/HourMeter/HourMeter.typ
/Logical/SupervisoryControl_Section/HourMeter/HourMeter.var
/Logical/SupervisoryControl_Section/Revision/RevisionCyclic.st
/Logical/SupervisoryControl_Section/Revision/Revision.typ
/Logical/SupervisoryControl_Section/Revision/Revision.var
/Logical/SupervisoryControl_Section/Warn_Horn/Warn_HornCyclic.ld
/Logical/SupervisoryControl_Section/Warn_Horn/Warn_HornInit.ld
/Logical/SupervisoryControl_Section/Warn_Horn/Warn_Horn.var
/Physical/Config1/PLC1/sysconf.syc
/Physical/Config1/PLC1/ArConfig.rtc
/Physical/Config1/PLC1/IoMap.iom
/Physical/Config1/PLC1/PvMap.vvm
/Physical/Config1/PLC1/Motion/Acp10map.ncm
/Physical/Config1/PLC1/Motion/Acp10cfg.ncc
/Physical/Config1/PLC1/sysconf.br
/Physical/Config1/PLC1/Motion/Acp10sys.br
/AS/Library/Acp10man/SG4/PowerLink/Acp10man.br
/Physical/Config1/PLC1/Cpu.sw
