B:\Holweg\RX_Systems_RS15_30005\AS_3090\Rev_1\RS15_RX_30005_r1\Logical\Global.typ
B:\Holweg\RX_Systems_RS15_30005\AS_3090\Rev_1\RS15_RX_30005_r1\Logical\Global.var
B:\Holweg\RX_Systems_RS15_30005\AS_3090\Rev_1\RS15_RX_30005_r1\Logical\Cycles\GenCycles.var
B:\Holweg\RX_Systems_RS15_30005\AS_3090\Rev_1\RS15_RX_30005_r1\Logical\Cycles\GenCycles.typ
B:\Holweg\RX_Systems_RS15_30005\AS_3090\Rev_1\RS15_RX_30005_r1\Logical\Libraries\Convert\Convert.fun
B:\Holweg\RX_Systems_RS15_30005\AS_3090\Rev_1\RS15_RX_30005_r1\Logical\Libraries\Runtime\runtime.var
B:\Holweg\RX_Systems_RS15_30005\AS_3090\Rev_1\RS15_RX_30005_r1\Logical\Libraries\Runtime\runtime.typ
B:\Holweg\RX_Systems_RS15_30005\AS_3090\Rev_1\RS15_RX_30005_r1\Logical\Libraries\Runtime\runtime.fun
B:\Holweg\RX_Systems_RS15_30005\AS_3090\Rev_1\RS15_RX_30005_r1\Logical\Libraries\Operator\operator.fun
B:\Holweg\RX_Systems_RS15_30005\AS_3090\Rev_1\RS15_RX_30005_r1\Logical\Libraries\Brsystem\brsystem.var
B:\Holweg\RX_Systems_RS15_30005\AS_3090\Rev_1\RS15_RX_30005_r1\Logical\Libraries\Brsystem\brsystem.fun
B:\Holweg\RX_Systems_RS15_30005\AS_3090\Rev_1\RS15_RX_30005_r1\Logical\Libraries\AsMath\AsMath.var
B:\Holweg\RX_Systems_RS15_30005\AS_3090\Rev_1\RS15_RX_30005_r1\Logical\Libraries\AsMath\AsMath.fun
B:\Holweg\RX_Systems_RS15_30005\AS_3090\Rev_1\RS15_RX_30005_r1\Logical\Libraries\asstring\asstring.fun
B:\Holweg\RX_Systems_RS15_30005\AS_3090\Rev_1\RS15_RX_30005_r1\Logical\Libraries\astime\astime.var
B:\Holweg\RX_Systems_RS15_30005\AS_3090\Rev_1\RS15_RX_30005_r1\Logical\Libraries\astime\astime.typ
B:\Holweg\RX_Systems_RS15_30005\AS_3090\Rev_1\RS15_RX_30005_r1\Logical\Libraries\astime\astime.fun
B:\Holweg\RX_Systems_RS15_30005\AS_3090\Rev_1\RS15_RX_30005_r1\Logical\Libraries\FileIO\FileIO.var
B:\Holweg\RX_Systems_RS15_30005\AS_3090\Rev_1\RS15_RX_30005_r1\Logical\Libraries\FileIO\FileIO.typ
B:\Holweg\RX_Systems_RS15_30005\AS_3090\Rev_1\RS15_RX_30005_r1\Logical\Libraries\FileIO\FileIO.fun
B:\Holweg\RX_Systems_RS15_30005\AS_3090\Rev_1\RS15_RX_30005_r1\Logical\Libraries\powerlnk\powerlnk.var
B:\Holweg\RX_Systems_RS15_30005\AS_3090\Rev_1\RS15_RX_30005_r1\Logical\Libraries\powerlnk\powerlnk.typ
B:\Holweg\RX_Systems_RS15_30005\AS_3090\Rev_1\RS15_RX_30005_r1\Logical\Libraries\powerlnk\powerlnk.fun
B:\Holweg\RX_Systems_RS15_30005\AS_3090\Rev_1\RS15_RX_30005_r1\Logical\Libraries\HGWeber\HGWeber.typ
B:\Holweg\RX_Systems_RS15_30005\AS_3090\Rev_1\RS15_RX_30005_r1\Logical\Libraries\HGWeber\HGWeber.var
B:\Holweg\RX_Systems_RS15_30005\AS_3090\Rev_1\RS15_RX_30005_r1\Logical\Libraries\HGWeber\HGWeber.fun
B:\Holweg\RX_Systems_RS15_30005\AS_3090\Rev_1\RS15_RX_30005_r1\Logical\Libraries\AsMem\AsMem.var
B:\Holweg\RX_Systems_RS15_30005\AS_3090\Rev_1\RS15_RX_30005_r1\Logical\Libraries\AsMem\AsMem.fun
B:\Holweg\RX_Systems_RS15_30005\AS_3090\Rev_1\RS15_RX_30005_r1\Logical\Libraries\CSV_File\CSV_File.typ
B:\Holweg\RX_Systems_RS15_30005\AS_3090\Rev_1\RS15_RX_30005_r1\Logical\Libraries\CSV_File\CSV_File.var
B:\Holweg\RX_Systems_RS15_30005\AS_3090\Rev_1\RS15_RX_30005_r1\Logical\Libraries\CSV_File\CSV_File.fun
B:\Holweg\RX_Systems_RS15_30005\AS_3090\Rev_1\RS15_RX_30005_r1\Logical\Libraries\AsIOAcc\AsIOAcc.var
B:\Holweg\RX_Systems_RS15_30005\AS_3090\Rev_1\RS15_RX_30005_r1\Logical\Libraries\AsIOAcc\AsIOAcc.typ
B:\Holweg\RX_Systems_RS15_30005\AS_3090\Rev_1\RS15_RX_30005_r1\Logical\Libraries\AsIOAcc\AsIOAcc.fun
B:\Holweg\RX_Systems_RS15_30005\AS_3090\Rev_1\RS15_RX_30005_r1\Logical\Libraries\Visapi\Visapi.typ
B:\Holweg\RX_Systems_RS15_30005\AS_3090\Rev_1\RS15_RX_30005_r1\Logical\Libraries\Visapi\Visapi.fun
B:\Holweg\RX_Systems_RS15_30005\AS_3090\Rev_1\RS15_RX_30005_r1\Logical\Libraries\AsARCfg\AsARCfg.var
B:\Holweg\RX_Systems_RS15_30005\AS_3090\Rev_1\RS15_RX_30005_r1\Logical\Libraries\AsARCfg\AsARCfg.typ
B:\Holweg\RX_Systems_RS15_30005\AS_3090\Rev_1\RS15_RX_30005_r1\Logical\Libraries\AsARCfg\AsARCfg.fun
B:\Holweg\RX_Systems_RS15_30005\AS_3090\Rev_1\RS15_RX_30005_r1\Logical\Libraries\standard\standard.fun
B:\Holweg\RX_Systems_RS15_30005\AS_3090\Rev_1\RS15_RX_30005_r1\Logical\Libraries\sys_lib\sys_lib.var
B:\Holweg\RX_Systems_RS15_30005\AS_3090\Rev_1\RS15_RX_30005_r1\Logical\Libraries\sys_lib\sys_lib.typ
B:\Holweg\RX_Systems_RS15_30005\AS_3090\Rev_1\RS15_RX_30005_r1\Logical\Libraries\sys_lib\sys_lib.fun
B:\Holweg\RX_Systems_RS15_30005\AS_3090\Rev_1\RS15_RX_30005_r1\Logical\Libraries\LoopConR\LoopConR.var
B:\Holweg\RX_Systems_RS15_30005\AS_3090\Rev_1\RS15_RX_30005_r1\Logical\Libraries\LoopConR\LoopConR.typ
B:\Holweg\RX_Systems_RS15_30005\AS_3090\Rev_1\RS15_RX_30005_r1\Logical\Libraries\LoopConR\LoopConR.fun
B:\Holweg\RX_Systems_RS15_30005\AS_3090\Rev_1\RS15_RX_30005_r1\Logical\Libraries\Acp10man\Acp10man.typ
B:\Holweg\RX_Systems_RS15_30005\AS_3090\Rev_1\RS15_RX_30005_r1\Logical\Libraries\Acp10par\Acp10par.var
B:\Holweg\RX_Systems_RS15_30005\AS_3090\Rev_1\RS15_RX_30005_r1\Logical\Libraries\NcGlobal\NcGlobal.fun
B:\Holweg\RX_Systems_RS15_30005\AS_3090\Rev_1\RS15_RX_30005_r1\Logical\Libraries\NcGlobal\NcGlobal.typ
B:\Holweg\RX_Systems_RS15_30005\AS_3090\Rev_1\RS15_RX_30005_r1\Logical\Libraries\NcGlobal\NcGlobal.var
B:\Holweg\RX_Systems_RS15_30005\AS_3090\Rev_1\RS15_RX_30005_r1\Logical\Libraries\Acp10_MC\acp10_mc.fun
B:\Holweg\RX_Systems_RS15_30005\AS_3090\Rev_1\RS15_RX_30005_r1\Logical\Libraries\Acp10_MC\acp10_mc.typ
B:\Holweg\RX_Systems_RS15_30005\AS_3090\Rev_1\RS15_RX_30005_r1\Logical\Libraries\Acp10_MC\acp10_mc.var
B:\Holweg\RX_Systems_RS15_30005\AS_3090\Rev_1\RS15_RX_30005_r1\Logical\Libraries\Acp10sdc\acp10sdc.var
B:\Holweg\RX_Systems_RS15_30005\AS_3090\Rev_1\RS15_RX_30005_r1\Logical\Libraries\Acp10sdc\acp10sdc.typ
B:\Holweg\RX_Systems_RS15_30005\AS_3090\Rev_1\RS15_RX_30005_r1\Logical\BagMachine_Section\BagBundler\BagBundler.var
